type octile
height 161
width 84
map
.@@@@.@@@@.@@@@.@@@@.@@@@.@@@@.@@@@.@@@@.@@@@.@@@@.@@@@.@@@@.@@@@.@@@@.@@@@.@@@@.@@@
.@@@@.@@@@.@@@@.@@@@.@@@@.@@@@.@@@@.@@@@.@@@@.@@@@.@@@@.@@@@.@@@@.@@@@.@@@@.@@@@.@@@
....................................................................................
.@@@@.@@@@.@@@@.@@@@.@@@@.@@@@.@@@@.@@@@.@@@@.@@@@.@@@@.@@@@.@@@@.@@@@.@@@@.@@@@.@@@
.@@@@.@@@@.@@@@.@@@@.@@@@.@@@@.@@@@.@@@@.@@@@.@@@@.@@@@.@@@@.@@@@.@@@@.@@@@.@@@@.@@@
....................................................................................
.@@@@.@@@@.@@@@.@@@@.@@@@.@@@@.@@@@.@@@@.@@@@.@@@@.@@@@.@@@@.@@@@.@@@@.@@@@.@@@@.@@@
.@@@@.@@@@.@@@@.@@@@.@@@@.@@@@.@@@@.@@@@.@@@@.@@@@.@@@@.@@@@.@@@@.@@@@.@@@@.@@@@.@@@
....................................................................................
.@@@@.@@@@.@@@@.@@@@.@@@@.@@@@.@@@@.@@@@.@@@@.@@@@.@@@@.@@@@.@@@@.@@@@.@@@@.@@@@.@@@
.@@@@.@@@@.@@@@.@@@@.@@@@.@@@@.@@@@.@@@@.@@@@.@@@@.@@@@.@@@@.@@@@.@@@@.@@@@.@@@@.@@@
....................................................................................
.@@@@.@@@@.@@@@.@@@@.@@@@.@@@@.@@@@.@@@@.@@@@.@@@@.@@@@.@@@@.@@@@.@@@@.@@@@.@@@@.@@@
.@@@@.@@@@.@@@@.@@@@.@@@@.@@@@.@@@@.@@@@.@@@@.@@@@.@@@@.@@@@.@@@@.@@@@.@@@@.@@@@.@@@
....................................................................................
.@@@@.@@@@.@@@@.@@@@.@@@@.@@@@.@@@@.@@@@.@@@@.@@@@.@@@@.@@@@.@@@@.@@@@.@@@@.@@@@.@@@
.@@@@.@@@@.@@@@.@@@@.@@@@.@@@@.@@@@.@@@@.@@@@.@@@@.@@@@.@@@@.@@@@.@@@@.@@@@.@@@@.@@@
....................................................................................
.@@@@.@@@@.@@@@.@@@@.@@@@.@@@@.@@@@.@@@@.@@@@.@@@@.@@@@.@@@@.@@@@.@@@@.@@@@.@@@@.@@@
.@@@@.@@@@.@@@@.@@@@.@@@@.@@@@.@@@@.@@@@.@@@@.@@@@.@@@@.@@@@.@@@@.@@@@.@@@@.@@@@.@@@
....................................................................................
.@@@@.@@@@.@@@@.@@@@.@@@@.@@@@.@@@@.@@@@.@@@@.@@@@.@@@@.@@@@.@@@@.@@@@.@@@@.@@@@.@@@
.@@@@.@@@@.@@@@.@@@@.@@@@.@@@@.@@@@.@@@@.@@@@.@@@@.@@@@.@@@@.@@@@.@@@@.@@@@.@@@@.@@@
....................................................................................
.@@@@.@@@@.@@@@.@@@@.@@@@.@@@@.@@@@.@@@@.@@@@.@@@@.@@@@.@@@@.@@@@.@@@@.@@@@.@@@@.@@@
.@@@@.@@@@.@@@@.@@@@.@@@@.@@@@.@@@@.@@@@.@@@@.@@@@.@@@@.@@@@.@@@@.@@@@.@@@@.@@@@.@@@
....................................................................................
.@@@@.@@@@.@@@@.@@@@.@@@@.@@@@.@@@@.@@@@.@@@@.@@@@.@@@@.@@@@.@@@@.@@@@.@@@@.@@@@.@@@
.@@@@.@@@@.@@@@.@@@@.@@@@.@@@@.@@@@.@@@@.@@@@.@@@@.@@@@.@@@@.@@@@.@@@@.@@@@.@@@@.@@@
....................................................................................
.@@@@.@@@@.@@@@.@@@@.@@@@.@@@@.@@@@.@@@@.@@@@.@@@@.@@@@.@@@@.@@@@.@@@@.@@@@.@@@@.@@@
.@@@@.@@@@.@@@@.@@@@.@@@@.@@@@.@@@@.@@@@.@@@@.@@@@.@@@@.@@@@.@@@@.@@@@.@@@@.@@@@.@@@
....................................................................................
.@@@@.@@@@.@@@@.@@@@.@@@@.@@@@.@@@@.@@@@.@@@@.@@@@.@@@@.@@@@.@@@@.@@@@.@@@@.@@@@.@@@
.@@@@.@@@@.@@@@.@@@@.@@@@.@@@@.@@@@.@@@@.@@@@.@@@@.@@@@.@@@@.@@@@.@@@@.@@@@.@@@@.@@@
....................................................................................
.@@@@.@@@@.@@@@.@@@@.@@@@.@@@@.@@@@.@@@@.@@@@.@@@@.@@@@.@@@@.@@@@.@@@@.@@@@.@@@@.@@@
.@@@@.@@@@.@@@@.@@@@.@@@@.@@@@.@@@@.@@@@.@@@@.@@@@.@@@@.@@@@.@@@@.@@@@.@@@@.@@@@.@@@
....................................................................................
.@@@@.@@@@.@@@@.@@@@.@@@@.@@@@.@@@@.@@@@.@@@@.@@@@.@@@@.@@@@.@@@@.@@@@.@@@@.@@@@.@@@
.@@@@.@@@@.@@@@.@@@@.@@@@.@@@@.@@@@.@@@@.@@@@.@@@@.@@@@.@@@@.@@@@.@@@@.@@@@.@@@@.@@@
....................................................................................
.@@@@.@@@@.@@@@.@@@@.@@@@.@@@@.@@@@.@@@@.@@@@.@@@@.@@@@.@@@@.@@@@.@@@@.@@@@.@@@@.@@@
.@@@@.@@@@.@@@@.@@@@.@@@@.@@@@.@@@@.@@@@.@@@@.@@@@.@@@@.@@@@.@@@@.@@@@.@@@@.@@@@.@@@
....................................................................................
.@@@@.@@@@.@@@@.@@@@.@@@@.@@@@.@@@@.@@@@.@@@@.@@@@.@@@@.@@@@.@@@@.@@@@.@@@@.@@@@.@@@
.@@@@.@@@@.@@@@.@@@@.@@@@.@@@@.@@@@.@@@@.@@@@.@@@@.@@@@.@@@@.@@@@.@@@@.@@@@.@@@@.@@@
....................................................................................
.@@@@.@@@@.@@@@.@@@@.@@@@.@@@@.@@@@.@@@@.@@@@.@@@@.@@@@.@@@@.@@@@.@@@@.@@@@.@@@@.@@@
.@@@@.@@@@.@@@@.@@@@.@@@@.@@@@.@@@@.@@@@.@@@@.@@@@.@@@@.@@@@.@@@@.@@@@.@@@@.@@@@.@@@
....................................................................................
.@@@@.@@@@.@@@@.@@@@.@@@@.@@@@.@@@@.@@@@.@@@@.@@@@.@@@@.@@@@.@@@@.@@@@.@@@@.@@@@.@@@
.@@@@.@@@@.@@@@.@@@@.@@@@.@@@@.@@@@.@@@@.@@@@.@@@@.@@@@.@@@@.@@@@.@@@@.@@@@.@@@@.@@@
....................................................................................
.@@@@.@@@@.@@@@.@@@@.@@@@.@@@@.@@@@.@@@@.@@@@.@@@@.@@@@.@@@@.@@@@.@@@@.@@@@.@@@@.@@@
.@@@@.@@@@.@@@@.@@@@.@@@@.@@@@.@@@@.@@@@.@@@@.@@@@.@@@@.@@@@.@@@@.@@@@.@@@@.@@@@.@@@
....................................................................................
.@@@@.@@@@.@@@@.@@@@.@@@@.@@@@.@@@@.@@@@.@@@@.@@@@.@@@@.@@@@.@@@@.@@@@.@@@@.@@@@.@@@
.@@@@.@@@@.@@@@.@@@@.@@@@.@@@@.@@@@.@@@@.@@@@.@@@@.@@@@.@@@@.@@@@.@@@@.@@@@.@@@@.@@@
....................................................................................
.@@@@.@@@@.@@@@.@@@@.@@@@.@@@@.@@@@.@@@@.@@@@.@@@@.@@@@.@@@@.@@@@.@@@@.@@@@.@@@@.@@@
.@@@@.@@@@.@@@@.@@@@.@@@@.@@@@.@@@@.@@@@.@@@@.@@@@.@@@@.@@@@.@@@@.@@@@.@@@@.@@@@.@@@
....................................................................................
.@@@@.@@@@.@@@@.@@@@.@@@@.@@@@.@@@@.@@@@.@@@@.@@@@.@@@@.@@@@.@@@@.@@@@.@@@@.@@@@.@@@
.@@@@.@@@@.@@@@.@@@@.@@@@.@@@@.@@@@.@@@@.@@@@.@@@@.@@@@.@@@@.@@@@.@@@@.@@@@.@@@@.@@@
....................................................................................
.@@@@.@@@@.@@@@.@@@@.@@@@.@@@@.@@@@.@@@@.@@@@.@@@@.@@@@.@@@@.@@@@.@@@@.@@@@.@@@@.@@@
.@@@@.@@@@.@@@@.@@@@.@@@@.@@@@.@@@@.@@@@.@@@@.@@@@.@@@@.@@@@.@@@@.@@@@.@@@@.@@@@.@@@
....................................................................................
.@@@@.@@@@.@@@@.@@@@.@@@@.@@@@.@@@@.@@@@.@@@@.@@@@.@@@@.@@@@.@@@@.@@@@.@@@@.@@@@.@@@
.@@@@.@@@@.@@@@.@@@@.@@@@.@@@@.@@@@.@@@@.@@@@.@@@@.@@@@.@@@@.@@@@.@@@@.@@@@.@@@@.@@@
....................................................................................
.@@@@.@@@@.@@@@.@@@@.@@@@.@@@@.@@@@.@@@@.@@@@.@@@@.@@@@.@@@@.@@@@.@@@@.@@@@.@@@@.@@@
.@@@@.@@@@.@@@@.@@@@.@@@@.@@@@.@@@@.@@@@.@@@@.@@@@.@@@@.@@@@.@@@@.@@@@.@@@@.@@@@.@@@
....................................................................................
.@@@@.@@@@.@@@@.@@@@.@@@@.@@@@.@@@@.@@@@.@@@@.@@@@.@@@@.@@@@.@@@@.@@@@.@@@@.@@@@.@@@
.@@@@.@@@@.@@@@.@@@@.@@@@.@@@@.@@@@.@@@@.@@@@.@@@@.@@@@.@@@@.@@@@.@@@@.@@@@.@@@@.@@@
....................................................................................
.@@@@.@@@@.@@@@.@@@@.@@@@.@@@@.@@@@.@@@@.@@@@.@@@@.@@@@.@@@@.@@@@.@@@@.@@@@.@@@@.@@@
.@@@@.@@@@.@@@@.@@@@.@@@@.@@@@.@@@@.@@@@.@@@@.@@@@.@@@@.@@@@.@@@@.@@@@.@@@@.@@@@.@@@
....................................................................................
.@@@@.@@@@.@@@@.@@@@.@@@@.@@@@.@@@@.@@@@.@@@@.@@@@.@@@@.@@@@.@@@@.@@@@.@@@@.@@@@.@@@
.@@@@.@@@@.@@@@.@@@@.@@@@.@@@@.@@@@.@@@@.@@@@.@@@@.@@@@.@@@@.@@@@.@@@@.@@@@.@@@@.@@@
....................................................................................
.@@@@.@@@@.@@@@.@@@@.@@@@.@@@@.@@@@.@@@@.@@@@.@@@@.@@@@.@@@@.@@@@.@@@@.@@@@.@@@@.@@@
.@@@@.@@@@.@@@@.@@@@.@@@@.@@@@.@@@@.@@@@.@@@@.@@@@.@@@@.@@@@.@@@@.@@@@.@@@@.@@@@.@@@
....................................................................................
.@@@@.@@@@.@@@@.@@@@.@@@@.@@@@.@@@@.@@@@.@@@@.@@@@.@@@@.@@@@.@@@@.@@@@.@@@@.@@@@.@@@
.@@@@.@@@@.@@@@.@@@@.@@@@.@@@@.@@@@.@@@@.@@@@.@@@@.@@@@.@@@@.@@@@.@@@@.@@@@.@@@@.@@@
....................................................................................
.@@@@.@@@@.@@@@.@@@@.@@@@.@@@@.@@@@.@@@@.@@@@.@@@@.@@@@.@@@@.@@@@.@@@@.@@@@.@@@@.@@@
.@@@@.@@@@.@@@@.@@@@.@@@@.@@@@.@@@@.@@@@.@@@@.@@@@.@@@@.@@@@.@@@@.@@@@.@@@@.@@@@.@@@
....................................................................................
.@@@@.@@@@.@@@@.@@@@.@@@@.@@@@.@@@@.@@@@.@@@@.@@@@.@@@@.@@@@.@@@@.@@@@.@@@@.@@@@.@@@
.@@@@.@@@@.@@@@.@@@@.@@@@.@@@@.@@@@.@@@@.@@@@.@@@@.@@@@.@@@@.@@@@.@@@@.@@@@.@@@@.@@@
....................................................................................
.@@@@.@@@@.@@@@.@@@@.@@@@.@@@@.@@@@.@@@@.@@@@.@@@@.@@@@.@@@@.@@@@.@@@@.@@@@.@@@@.@@@
.@@@@.@@@@.@@@@.@@@@.@@@@.@@@@.@@@@.@@@@.@@@@.@@@@.@@@@.@@@@.@@@@.@@@@.@@@@.@@@@.@@@
....................................................................................
.@@@@.@@@@.@@@@.@@@@.@@@@.@@@@.@@@@.@@@@.@@@@.@@@@.@@@@.@@@@.@@@@.@@@@.@@@@.@@@@.@@@
.@@@@.@@@@.@@@@.@@@@.@@@@.@@@@.@@@@.@@@@.@@@@.@@@@.@@@@.@@@@.@@@@.@@@@.@@@@.@@@@.@@@
....................................................................................
.@@@@.@@@@.@@@@.@@@@.@@@@.@@@@.@@@@.@@@@.@@@@.@@@@.@@@@.@@@@.@@@@.@@@@.@@@@.@@@@.@@@
.@@@@.@@@@.@@@@.@@@@.@@@@.@@@@.@@@@.@@@@.@@@@.@@@@.@@@@.@@@@.@@@@.@@@@.@@@@.@@@@.@@@
....................................................................................
.@@@@.@@@@.@@@@.@@@@.@@@@.@@@@.@@@@.@@@@.@@@@.@@@@.@@@@.@@@@.@@@@.@@@@.@@@@.@@@@.@@@
.@@@@.@@@@.@@@@.@@@@.@@@@.@@@@.@@@@.@@@@.@@@@.@@@@.@@@@.@@@@.@@@@.@@@@.@@@@.@@@@.@@@
....................................................................................
.@@@@.@@@@.@@@@.@@@@.@@@@.@@@@.@@@@.@@@@.@@@@.@@@@.@@@@.@@@@.@@@@.@@@@.@@@@.@@@@.@@@
.@@@@.@@@@.@@@@.@@@@.@@@@.@@@@.@@@@.@@@@.@@@@.@@@@.@@@@.@@@@.@@@@.@@@@.@@@@.@@@@.@@@
....................................................................................
.@@@@.@@@@.@@@@.@@@@.@@@@.@@@@.@@@@.@@@@.@@@@.@@@@.@@@@.@@@@.@@@@.@@@@.@@@@.@@@@.@@@
.@@@@.@@@@.@@@@.@@@@.@@@@.@@@@.@@@@.@@@@.@@@@.@@@@.@@@@.@@@@.@@@@.@@@@.@@@@.@@@@.@@@
....................................................................................
.@@@@.@@@@.@@@@.@@@@.@@@@.@@@@.@@@@.@@@@.@@@@.@@@@.@@@@.@@@@.@@@@.@@@@.@@@@.@@@@.@@@
.@@@@.@@@@.@@@@.@@@@.@@@@.@@@@.@@@@.@@@@.@@@@.@@@@.@@@@.@@@@.@@@@.@@@@.@@@@.@@@@.@@@
....................................................................................
.@@@@.@@@@.@@@@.@@@@.@@@@.@@@@.@@@@.@@@@.@@@@.@@@@.@@@@.@@@@.@@@@.@@@@.@@@@.@@@@.@@@
.@@@@.@@@@.@@@@.@@@@.@@@@.@@@@.@@@@.@@@@.@@@@.@@@@.@@@@.@@@@.@@@@.@@@@.@@@@.@@@@.@@@
....................................................................................
.@@@@.@@@@.@@@@.@@@@.@@@@.@@@@.@@@@.@@@@.@@@@.@@@@.@@@@.@@@@.@@@@.@@@@.@@@@.@@@@.@@@
.@@@@.@@@@.@@@@.@@@@.@@@@.@@@@.@@@@.@@@@.@@@@.@@@@.@@@@.@@@@.@@@@.@@@@.@@@@.@@@@.@@@
....................................................................................
.@@@@.@@@@.@@@@.@@@@.@@@@.@@@@.@@@@.@@@@.@@@@.@@@@.@@@@.@@@@.@@@@.@@@@.@@@@.@@@@.@@@
.@@@@.@@@@.@@@@.@@@@.@@@@.@@@@.@@@@.@@@@.@@@@.@@@@.@@@@.@@@@.@@@@.@@@@.@@@@.@@@@.@@@
....................................................................................
.@@@@.@@@@.@@@@.@@@@.@@@@.@@@@.@@@@.@@@@.@@@@.@@@@.@@@@.@@@@.@@@@.@@@@.@@@@.@@@@.@@@
.@@@@.@@@@.@@@@.@@@@.@@@@.@@@@.@@@@.@@@@.@@@@.@@@@.@@@@.@@@@.@@@@.@@@@.@@@@.@@@@.@@@
....................................................................................
.@@@@.@@@@.@@@@.@@@@.@@@@.@@@@.@@@@.@@@@.@@@@.@@@@.@@@@.@@@@.@@@@.@@@@.@@@@.@@@@.@@@
.@@@@.@@@@.@@@@.@@@@.@@@@.@@@@.@@@@.@@@@.@@@@.@@@@.@@@@.@@@@.@@@@.@@@@.@@@@.@@@@.@@@
....................................................................................
.@@@@.@@@@.@@@@.@@@@.@@@@.@@@@.@@@@.@@@@.@@@@.@@@@.@@@@.@@@@.@@@@.@@@@.@@@@.@@@@.@@@
.@@@@.@@@@.@@@@.@@@@.@@@@.@@@@.@@@@.@@@@.@@@@.@@@@.@@@@.@@@@.@@@@.@@@@.@@@@.@@@@.@@@
....................................................................................
.@@@@.@@@@.@@@@.@@@@.@@@@.@@@@.@@@@.@@@@.@@@@.@@@@.@@@@.@@@@.@@@@.@@@@.@@@@.@@@@.@@@
.@@@@.@@@@.@@@@.@@@@.@@@@.@@@@.@@@@.@@@@.@@@@.@@@@.@@@@.@@@@.@@@@.@@@@.@@@@.@@@@.@@@
....................................................................................
.@@@@.@@@@.@@@@.@@@@.@@@@.@@@@.@@@@.@@@@.@@@@.@@@@.@@@@.@@@@.@@@@.@@@@.@@@@.@@@@.@@@
.@@@@.@@@@.@@@@.@@@@.@@@@.@@@@.@@@@.@@@@.@@@@.@@@@.@@@@.@@@@.@@@@.@@@@.@@@@.@@@@.@@@
....................................................................................
.@@@@.@@@@.@@@@.@@@@.@@@@.@@@@.@@@@.@@@@.@@@@.@@@@.@@@@.@@@@.@@@@.@@@@.@@@@.@@@@.@@@
.@@@@.@@@@.@@@@.@@@@.@@@@.@@@@.@@@@.@@@@.@@@@.@@@@.@@@@.@@@@.@@@@.@@@@.@@@@.@@@@.@@@
....................................................................................
.@@@@.@@@@.@@@@.@@@@.@@@@.@@@@.@@@@.@@@@.@@@@.@@@@.@@@@.@@@@.@@@@.@@@@.@@@@.@@@@.@@@
.@@@@.@@@@.@@@@.@@@@.@@@@.@@@@.@@@@.@@@@.@@@@.@@@@.@@@@.@@@@.@@@@.@@@@.@@@@.@@@@.@@@
....................................................................................
.@@@@.@@@@.@@@@.@@@@.@@@@.@@@@.@@@@.@@@@.@@@@.@@@@.@@@@.@@@@.@@@@.@@@@.@@@@.@@@@.@@@
.@@@@.@@@@.@@@@.@@@@.@@@@.@@@@.@@@@.@@@@.@@@@.@@@@.@@@@.@@@@.@@@@.@@@@.@@@@.@@@@.@@@
....................................................................................
.@@@@.@@@@.@@@@.@@@@.@@@@.@@@@.@@@@.@@@@.@@@@.@@@@.@@@@.@@@@.@@@@.@@@@.@@@@.@@@@.@@@
.@@@@.@@@@.@@@@.@@@@.@@@@.@@@@.@@@@.@@@@.@@@@.@@@@.@@@@.@@@@.@@@@.@@@@.@@@@.@@@@.@@@
....................................................................................
.@@@@.@@@@.@@@@.@@@@.@@@@.@@@@.@@@@.@@@@.@@@@.@@@@.@@@@.@@@@.@@@@.@@@@.@@@@.@@@@.@@@
.@@@@.@@@@.@@@@.@@@@.@@@@.@@@@.@@@@.@@@@.@@@@.@@@@.@@@@.@@@@.@@@@.@@@@.@@@@.@@@@.@@@
....................................................................................
.@@@@.@@@@.@@@@.@@@@.@@@@.@@@@.@@@@.@@@@.@@@@.@@@@.@@@@.@@@@.@@@@.@@@@.@@@@.@@@@.@@@
.@@@@.@@@@.@@@@.@@@@.@@@@.@@@@.@@@@.@@@@.@@@@.@@@@.@@@@.@@@@.@@@@.@@@@.@@@@.@@@@.@@@
....................................................................................
.@@@@.@@@@.@@@@.@@@@.@@@@.@@@@.@@@@.@@@@.@@@@.@@@@.@@@@.@@@@.@@@@.@@@@.@@@@.@@@@.@@@
.@@@@.@@@@.@@@@.@@@@.@@@@.@@@@.@@@@.@@@@.@@@@.@@@@.@@@@.@@@@.@@@@.@@@@.@@@@.@@@@.@@@
